16   INFO  [main] Log5J : ***  23.4368  ***  **********************************************************
16   INFO  [main] Log5J : ***  23.8278  ***  Logger configuration successful. Configuration file used: 
17   INFO  [main] Log5J : ***  23.854  ***  D:\Infineon\AURIX-Studio-1.10.28\configuration\org.eclipse.osgi\398\0\.cp\lib\log4j.properties
17   INFO  [main] Log5J : ***  23.8848  ***  **********************************************************
42   INFO  [main] ISysProductFactory : ***  48.3114  ***  Found product: Name: 'com.infineon.aurix.buildsystem.aurixide', winIDEA package: 'winIDEA_IFX_ADS'
43   INFO  [main] CmdRunner : Running: 'C:\Users\PYX01\AppData\Local\iSYSTEM\b18\PackageManager.exe init --afr-path="D:\Infineon\AURIX-Studio-1.10.28\local_AFR" --owner="D:\Infineon\AURIX-Studio-1.10.28\AURIX-studio.exe"'
1784 INFO  [main] CmdRunner : Operation finished in 1741ms Return code: 1
1784 ERROR [main] CmdRunner : Error: >>>¾Ü¾ø·ÃÎÊ¡£<<<
1785 INFO  [main] WinIdeaUpdateManager : Failed to init Package Manager
java.lang.Exception: Failed to run process 'C:\Users\PYX01\AppData\Local\iSYSTEM\b18\PackageManager.exe init --afr-path="D:\Infineon\AURIX-Studio-1.10.28\local_AFR" --owner="D:\Infineon\AURIX-Studio-1.10.28\AURIX-studio.exe"' return code was 1.
stderr: '¾Ü¾ø·ÃÎÊ¡£'
	at si.isystem.winidea.update.CmdRunner.call(Unknown Source)
	at si.isystem.winidea.update.CmdRunner.call(Unknown Source)
	at si.isystem.winidea.update.CmdRunner.call(Unknown Source)
	at si.isystem.winidea.update.PacManRunner.addVarsAndCall(Unknown Source)
	at si.isystem.winidea.update.PacManRunner.addVarsAndCall(Unknown Source)
	at si.isystem.winidea.update.PacManRunner.init(Unknown Source)
	at si.isystem.winidea.update.WinIdeaUpdateManager.<init>(Unknown Source)
	at si.isystem.debug.core.ISysDebugCorePlugin.initUpdateManager(Unknown Source)
	at si.isystem.debug.core.ISysDebugCorePlugin.start(Unknown Source)
	at org.eclipse.osgi.internal.framework.BundleContextImpl$2.run(BundleContextImpl.java:833)
	at org.eclipse.osgi.internal.framework.BundleContextImpl$2.run(BundleContextImpl.java:1)
	at java.base/java.security.AccessController.doPrivileged(AccessController.java:569)
	at org.eclipse.osgi.internal.framework.BundleContextImpl.startActivator(BundleContextImpl.java:825)
	at org.eclipse.osgi.internal.framework.BundleContextImpl.start(BundleContextImpl.java:775)
	at org.eclipse.osgi.internal.framework.EquinoxBundle.startWorker0(EquinoxBundle.java:1057)
	at org.eclipse.osgi.internal.framework.EquinoxBundle$EquinoxModule.startWorker(EquinoxBundle.java:387)
	at org.eclipse.osgi.container.Module.doStart(Module.java:639)
	at org.eclipse.osgi.container.Module.start(Module.java:498)
	at org.eclipse.osgi.framework.util.SecureAction.start(SecureAction.java:528)
	at org.eclipse.osgi.internal.hooks.EclipseLazyStarter.postFindLocalClass(EclipseLazyStarter.java:122)
	at org.eclipse.osgi.internal.loader.classpath.ClasspathManager.findLocalClass(ClasspathManager.java:620)
	at org.eclipse.osgi.internal.loader.ModuleClassLoader.findLocalClass(ModuleClassLoader.java:348)
	at org.eclipse.osgi.internal.loader.BundleLoader.findLocalClass(BundleLoader.java:414)
	at org.eclipse.osgi.internal.loader.sources.SingleSourcePackage.loadClass(SingleSourcePackage.java:41)
	at org.eclipse.osgi.internal.loader.BundleLoader.findClass0(BundleLoader.java:499)
	at org.eclipse.osgi.internal.loader.BundleLoader.findClass(BundleLoader.java:434)
	at org.eclipse.osgi.internal.loader.ModuleClassLoader.loadClass(ModuleClassLoader.java:174)
	at java.base/java.lang.ClassLoader.loadClass(ClassLoader.java:525)
	at si.isystem.dsf.ISystemPreferences.load(Unknown Source)
	at si.isystem.dsf.ISysDebugPlugin.start(Unknown Source)
	at org.eclipse.osgi.internal.framework.BundleContextImpl$2.run(BundleContextImpl.java:833)
	at org.eclipse.osgi.internal.framework.BundleContextImpl$2.run(BundleContextImpl.java:1)
	at java.base/java.security.AccessController.doPrivileged(AccessController.java:569)
	at org.eclipse.osgi.internal.framework.BundleContextImpl.startActivator(BundleContextImpl.java:825)
	at org.eclipse.osgi.internal.framework.BundleContextImpl.start(BundleContextImpl.java:775)
	at org.eclipse.osgi.internal.framework.EquinoxBundle.startWorker0(EquinoxBundle.java:1057)
	at org.eclipse.osgi.internal.framework.EquinoxBundle$EquinoxModule.startWorker(EquinoxBundle.java:387)
	at org.eclipse.osgi.container.Module.doStart(Module.java:639)
	at org.eclipse.osgi.container.Module.start(Module.java:498)
	at org.eclipse.osgi.framework.util.SecureAction.start(SecureAction.java:528)
	at org.eclipse.osgi.internal.hooks.EclipseLazyStarter.postFindLocalClass(EclipseLazyStarter.java:122)
	at org.eclipse.osgi.internal.loader.classpath.ClasspathManager.findLocalClass(ClasspathManager.java:620)
	at org.eclipse.osgi.internal.loader.ModuleClassLoader.findLocalClass(ModuleClassLoader.java:348)
	at org.eclipse.osgi.internal.loader.BundleLoader.findLocalClass(BundleLoader.java:414)
	at org.eclipse.osgi.internal.loader.BundleLoader.findClass0(BundleLoader.java:520)
	at org.eclipse.osgi.internal.loader.BundleLoader.findClass(BundleLoader.java:434)
	at org.eclipse.osgi.internal.loader.ModuleClassLoader.loadClass(ModuleClassLoader.java:174)
	at java.base/java.lang.ClassLoader.loadClass(ClassLoader.java:525)
	at org.eclipse.osgi.internal.framework.EquinoxBundle.loadClass(EquinoxBundle.java:643)
	at org.eclipse.core.internal.registry.osgi.RegistryStrategyOSGI.createExecutableExtension(RegistryStrategyOSGI.java:223)
	at org.eclipse.core.internal.registry.ExtensionRegistry.createExecutableExtension(ExtensionRegistry.java:987)
	at org.eclipse.core.internal.registry.ConfigurationElement.createExecutableExtension(ConfigurationElement.java:255)
	at org.eclipse.core.internal.registry.ConfigurationElementHandle.createExecutableExtension(ConfigurationElementHandle.java:65)
	at org.eclipse.ui.internal.WorkbenchPlugin.lambda$0(WorkbenchPlugin.java:285)
	at org.eclipse.swt.custom.BusyIndicator.showWhile(BusyIndicator.java:67)
	at org.eclipse.ui.internal.WorkbenchPlugin.createExtension(WorkbenchPlugin.java:283)
	at org.eclipse.ui.internal.dialogs.WorkbenchPreferenceNode.createPage(WorkbenchPreferenceNode.java:49)
	at org.eclipse.jface.preference.PreferenceDialog.createPage(PreferenceDialog.java:1280)
	at org.eclipse.ui.internal.dialogs.FilteredPreferenceDialog.createPage(FilteredPreferenceDialog.java:326)
	at org.eclipse.jface.preference.PreferenceDialog.showPage(PreferenceDialog.java:1166)
	at org.eclipse.ui.internal.dialogs.FilteredPreferenceDialog.showPage(FilteredPreferenceDialog.java:618)
	at org.eclipse.jface.preference.PreferenceDialog$5.lambda$0(PreferenceDialog.java:660)
	at org.eclipse.swt.custom.BusyIndicator.showWhile(BusyIndicator.java:67)
	at org.eclipse.jface.preference.PreferenceDialog$5.selectionChanged(PreferenceDialog.java:657)
	at org.eclipse.jface.viewers.StructuredViewer$3.run(StructuredViewer.java:820)
	at org.eclipse.core.runtime.SafeRunner.run(SafeRunner.java:47)
	at org.eclipse.jface.util.SafeRunnable.run(SafeRunnable.java:174)
	at org.eclipse.jface.viewers.StructuredViewer.firePostSelectionChanged(StructuredViewer.java:817)
	at org.eclipse.jface.viewers.ColumnViewer.firePostSelectionChanged(ColumnViewer.java:1065)
	at org.eclipse.jface.viewers.StructuredViewer.handlePostSelect(StructuredViewer.java:1185)
	at org.eclipse.swt.events.SelectionListener$1.widgetSelected(SelectionListener.java:84)
	at org.eclipse.jface.util.OpenStrategy.firePostSelectionEvent(OpenStrategy.java:283)
	at org.eclipse.jface.util.OpenStrategy$1.lambda$1(OpenStrategy.java:437)
	at org.eclipse.swt.widgets.RunnableLock.run(RunnableLock.java:40)
	at org.eclipse.swt.widgets.Synchronizer.runAsyncMessages(Synchronizer.java:132)
	at org.eclipse.swt.widgets.Display.runAsyncMessages(Display.java:4047)
	at org.eclipse.swt.widgets.Display.readAndDispatch(Display.java:3663)
	at org.eclipse.jface.window.Window.runEventLoop(Window.java:823)
	at org.eclipse.jface.window.Window.open(Window.java:799)
	at org.eclipse.ui.internal.OpenPreferencesAction.run(OpenPreferencesAction.java:64)
	at org.eclipse.jface.action.Action.runWithEvent(Action.java:474)
	at org.eclipse.jface.action.ActionContributionItem.handleWidgetSelection(ActionContributionItem.java:581)
	at org.eclipse.jface.action.ActionContributionItem.lambda$4(ActionContributionItem.java:415)
	at org.eclipse.swt.widgets.EventTable.sendEvent(EventTable.java:89)
	at org.eclipse.swt.widgets.Display.sendEvent(Display.java:4274)
	at org.eclipse.swt.widgets.Widget.sendEvent(Widget.java:1066)
	at org.eclipse.swt.widgets.Display.runDeferredEvents(Display.java:4072)
	at org.eclipse.swt.widgets.Display.readAndDispatch(Display.java:3660)
	at org.eclipse.e4.ui.internal.workbench.swt.PartRenderingEngine$5.run(PartRenderingEngine.java:1151)
	at org.eclipse.core.databinding.observable.Realm.runWithDefault(Realm.java:339)
	at org.eclipse.e4.ui.internal.workbench.swt.PartRenderingEngine.run(PartRenderingEngine.java:1042)
	at org.eclipse.e4.ui.internal.workbench.E4Workbench.createAndRunUI(E4Workbench.java:152)
	at org.eclipse.ui.internal.Workbench.lambda$3(Workbench.java:639)
	at org.eclipse.core.databinding.observable.Realm.runWithDefault(Realm.java:339)
	at org.eclipse.ui.internal.Workbench.createAndRunWorkbench(Workbench.java:546)
	at org.eclipse.ui.PlatformUI.createAndRunWorkbench(PlatformUI.java:173)
	at org.eclipse.ui.internal.ide.application.IDEApplication.start(IDEApplication.java:152)
	at org.eclipse.equinox.internal.app.EclipseAppHandle.run(EclipseAppHandle.java:208)
	at org.eclipse.core.runtime.internal.adaptor.EclipseAppLauncher.runApplication(EclipseAppLauncher.java:143)
	at org.eclipse.core.runtime.internal.adaptor.EclipseAppLauncher.start(EclipseAppLauncher.java:109)
	at org.eclipse.core.runtime.adaptor.EclipseStarter.run(EclipseStarter.java:439)
	at org.eclipse.core.runtime.adaptor.EclipseStarter.run(EclipseStarter.java:271)
	at java.base/jdk.internal.reflect.NativeMethodAccessorImpl.invoke0(Native Method)
	at java.base/jdk.internal.reflect.NativeMethodAccessorImpl.invoke(NativeMethodAccessorImpl.java:77)
	at java.base/jdk.internal.reflect.DelegatingMethodAccessorImpl.invoke(DelegatingMethodAccessorImpl.java:43)
	at java.base/java.lang.reflect.Method.invoke(Method.java:568)
	at org.eclipse.equinox.launcher.Main.invokeFramework(Main.java:651)
	at org.eclipse.equinox.launcher.Main.basicRun(Main.java:588)
	at org.eclipse.equinox.launcher.Main.run(Main.java:1459)
1788 INFO  [main] WinIdeaUpdateManager : WinIdeaUpdateManager: initialization:
1788 INFO  [main] WinIdeaUpdateManager :  - Product folder: D:\Infineon\AURIX-Studio-1.10.28
1788 INFO  [main] WinIdeaUpdateManager :  - Product exe (owner): D:\Infineon\AURIX-Studio-1.10.28\AURIX-studio.exe
1788 INFO  [main] WinIdeaUpdateManager :  - Package manager: C:\Users\PYX01\AppData\Local\iSYSTEM\b18\PackageManager.exe
1788 INFO  [main] WinIdeaUpdateManager :  - Local AFR: D:\Infineon\AURIX-Studio-1.10.28\local_AFR
1788 INFO  [main] WinIdeaUpdateManager :  - Update channel: Production
1795 INFO  [main] ISystemPreferences : ***  1802.6906  ***  Preferences loaded: Install type: Custom, Custom path: '\winIDEA'
1801 INFO  [main] ISysDebugPlugin : ***  1808.2717  ***  Starting Plugin si.isystem.eclipse.debug version 921.35900.228890.
1802 INFO  [main] ISysDebugPlugin : ***  1809.2093  ***  Plugin si.isystem.eclipse.debug started.
5996 INFO  [main] ISysArtifactoryRepository : Is repository on mirror 1 site 'https://m1.247365bb.com/ftp/afrs' available: true
5996 INFO  [main] ISysArtifactoryRepository : Is repository on mirror 2 site 'https://m2.247365bb.com/ftp/afrs' available: true
6012 INFO  [main] ISystemPreferencePage : ***  6019.8933  ***  Preferences.createControl(Type: Custom, Custom path: '\winIDEA')
6032 INFO  [main] ISystemPreferencePage : ***  6039.221  ***  Preferences.updatePersistantData(Type: Custom, Custom path: '\winIDEA')
6032 INFO  [main] ISystemPreferencePage : ***  6039.4248  ***  Preferences.updatePersistantData(Type: Custom, Custom path: '\winIDEA')
22740 INFO  [Framework stop - Equinox Container: e6ff8981-a134-4849-811c-3ad17fb2d4eb] ISysDebugPlugin : ***  22746.7619  ***  Stopping Plugin si.isystem.eclipse.debug
22746 INFO  [Framework stop - Equinox Container: e6ff8981-a134-4849-811c-3ad17fb2d4eb] ISysDebugPlugin : ***  22752.9109  ***  Plugin si.isystem.eclipse.debug stopped.
