24   INFO  [main] Log5J : ***  32.1371  ***  **********************************************************
25   INFO  [main] Log5J : ***  32.9241  ***  Logger configuration successful. Configuration file used: 
25   INFO  [main] Log5J : ***  32.9637  ***  D:\Infineon\AURIX-Studio-1.10.28\configuration\org.eclipse.osgi\398\0\.cp\lib\log4j.properties
25   INFO  [main] Log5J : ***  32.995  ***  **********************************************************
70   INFO  [main] ISysProductFactory : ***  77.9553  ***  Found product: Name: 'com.infineon.aurix.buildsystem.aurixide', winIDEA package: 'winIDEA_IFX_ADS'
73   INFO  [main] CmdRunner : Running: 'C:\Users\PYX01\AppData\Local\iSYSTEM\b18\PackageManager.exe init --afr-path="D:\Infineon\AURIX-Studio-1.10.28\local_AFR" --owner="D:\Infineon\AURIX-Studio-1.10.28\AURIX-studio.exe"'
3498 INFO  [main] CmdRunner : Operation finished in 3425ms Return code: 1
3499 ERROR [main] CmdRunner : Error: >>>¾Ü¾ø·ÃÎÊ¡£<<<
3499 INFO  [main] WinIdeaUpdateManager : Failed to init Package Manager
java.lang.Exception: Failed to run process 'C:\Users\PYX01\AppData\Local\iSYSTEM\b18\PackageManager.exe init --afr-path="D:\Infineon\AURIX-Studio-1.10.28\local_AFR" --owner="D:\Infineon\AURIX-Studio-1.10.28\AURIX-studio.exe"' return code was 1.
stderr: '¾Ü¾ø·ÃÎÊ¡£'
	at si.isystem.winidea.update.CmdRunner.call(Unknown Source)
	at si.isystem.winidea.update.CmdRunner.call(Unknown Source)
	at si.isystem.winidea.update.CmdRunner.call(Unknown Source)
	at si.isystem.winidea.update.PacManRunner.addVarsAndCall(Unknown Source)
	at si.isystem.winidea.update.PacManRunner.addVarsAndCall(Unknown Source)
	at si.isystem.winidea.update.PacManRunner.init(Unknown Source)
	at si.isystem.winidea.update.WinIdeaUpdateManager.<init>(Unknown Source)
	at si.isystem.debug.core.ISysDebugCorePlugin.initUpdateManager(Unknown Source)
	at si.isystem.debug.core.ISysDebugCorePlugin.start(Unknown Source)
	at org.eclipse.osgi.internal.framework.BundleContextImpl$2.run(BundleContextImpl.java:833)
	at org.eclipse.osgi.internal.framework.BundleContextImpl$2.run(BundleContextImpl.java:1)
	at java.base/java.security.AccessController.doPrivileged(AccessController.java:569)
	at org.eclipse.osgi.internal.framework.BundleContextImpl.startActivator(BundleContextImpl.java:825)
	at org.eclipse.osgi.internal.framework.BundleContextImpl.start(BundleContextImpl.java:775)
	at org.eclipse.osgi.internal.framework.EquinoxBundle.startWorker0(EquinoxBundle.java:1057)
	at org.eclipse.osgi.internal.framework.EquinoxBundle$EquinoxModule.startWorker(EquinoxBundle.java:387)
	at org.eclipse.osgi.container.Module.doStart(Module.java:639)
	at org.eclipse.osgi.container.Module.start(Module.java:498)
	at org.eclipse.osgi.framework.util.SecureAction.start(SecureAction.java:528)
	at org.eclipse.osgi.internal.hooks.EclipseLazyStarter.postFindLocalClass(EclipseLazyStarter.java:122)
	at org.eclipse.osgi.internal.loader.classpath.ClasspathManager.findLocalClass(ClasspathManager.java:620)
	at org.eclipse.osgi.internal.loader.ModuleClassLoader.findLocalClass(ModuleClassLoader.java:348)
	at org.eclipse.osgi.internal.loader.BundleLoader.findLocalClass(BundleLoader.java:414)
	at org.eclipse.osgi.internal.loader.sources.SingleSourcePackage.loadClass(SingleSourcePackage.java:41)
	at org.eclipse.osgi.internal.loader.BundleLoader.findClass0(BundleLoader.java:499)
	at org.eclipse.osgi.internal.loader.BundleLoader.findClass(BundleLoader.java:434)
	at org.eclipse.osgi.internal.loader.ModuleClassLoader.loadClass(ModuleClassLoader.java:174)
	at java.base/java.lang.ClassLoader.loadClass(ClassLoader.java:525)
	at si.isystem.dsf.ISystemPreferences.load(Unknown Source)
	at si.isystem.dsf.ISysDebugPlugin.start(Unknown Source)
	at org.eclipse.osgi.internal.framework.BundleContextImpl$2.run(BundleContextImpl.java:833)
	at org.eclipse.osgi.internal.framework.BundleContextImpl$2.run(BundleContextImpl.java:1)
	at java.base/java.security.AccessController.doPrivileged(AccessController.java:569)
	at org.eclipse.osgi.internal.framework.BundleContextImpl.startActivator(BundleContextImpl.java:825)
	at org.eclipse.osgi.internal.framework.BundleContextImpl.start(BundleContextImpl.java:775)
	at org.eclipse.osgi.internal.framework.EquinoxBundle.startWorker0(EquinoxBundle.java:1057)
	at org.eclipse.osgi.internal.framework.EquinoxBundle$EquinoxModule.startWorker(EquinoxBundle.java:387)
	at org.eclipse.osgi.container.Module.doStart(Module.java:639)
	at org.eclipse.osgi.container.Module.start(Module.java:498)
	at org.eclipse.osgi.framework.util.SecureAction.start(SecureAction.java:528)
	at org.eclipse.osgi.internal.hooks.EclipseLazyStarter.postFindLocalClass(EclipseLazyStarter.java:122)
	at org.eclipse.osgi.internal.loader.classpath.ClasspathManager.findLocalClass(ClasspathManager.java:620)
	at org.eclipse.osgi.internal.loader.ModuleClassLoader.findLocalClass(ModuleClassLoader.java:348)
	at org.eclipse.osgi.internal.loader.BundleLoader.findLocalClass(BundleLoader.java:414)
	at org.eclipse.osgi.internal.loader.BundleLoader.findClass0(BundleLoader.java:520)
	at org.eclipse.osgi.internal.loader.BundleLoader.findClass(BundleLoader.java:434)
	at org.eclipse.osgi.internal.loader.ModuleClassLoader.loadClass(ModuleClassLoader.java:174)
	at java.base/java.lang.ClassLoader.loadClass(ClassLoader.java:525)
	at org.eclipse.osgi.internal.framework.EquinoxBundle.loadClass(EquinoxBundle.java:643)
	at org.eclipse.core.internal.registry.osgi.RegistryStrategyOSGI.createExecutableExtension(RegistryStrategyOSGI.java:223)
	at org.eclipse.core.internal.registry.ExtensionRegistry.createExecutableExtension(ExtensionRegistry.java:987)
	at org.eclipse.core.internal.registry.ConfigurationElement.createExecutableExtension(ConfigurationElement.java:255)
	at org.eclipse.core.internal.registry.ConfigurationElementHandle.createExecutableExtension(ConfigurationElementHandle.java:65)
	at org.eclipse.debug.internal.ui.launchConfigurations.LaunchShortcutExtension.getDelegate(LaunchShortcutExtension.java:397)
	at org.eclipse.debug.internal.ui.launchConfigurations.LaunchShortcutExtension.getLaunchConfigurations(LaunchShortcutExtension.java:478)
	at org.eclipse.debug.ui.actions.ContextualLaunchAction.fillMenu(ContextualLaunchAction.java:250)
	at org.eclipse.debug.ui.actions.ContextualLaunchAction$1.menuShown(ContextualLaunchAction.java:143)
	at org.eclipse.swt.widgets.TypedListener.handleEvent(TypedListener.java:259)
	at org.eclipse.swt.widgets.EventTable.sendEvent(EventTable.java:89)
	at org.eclipse.swt.widgets.Display.sendEvent(Display.java:4274)
	at org.eclipse.swt.widgets.Widget.sendEvent(Widget.java:1066)
	at org.eclipse.swt.widgets.Widget.sendEvent(Widget.java:1090)
	at org.eclipse.swt.widgets.Widget.sendEvent(Widget.java:1075)
	at org.eclipse.swt.widgets.Widget.notifyListeners(Widget.java:778)
	at org.eclipse.jface.action.ActionContributionItem.copyMenu(ActionContributionItem.java:1191)
	at org.eclipse.jface.action.ActionContributionItem.handleShowProxy(ActionContributionItem.java:1171)
	at org.eclipse.jface.action.ActionContributionItem.lambda$7(ActionContributionItem.java:1134)
	at org.eclipse.swt.widgets.EventTable.sendEvent(EventTable.java:89)
	at org.eclipse.swt.widgets.Display.sendEvent(Display.java:4274)
	at org.eclipse.swt.widgets.Widget.sendEvent(Widget.java:1066)
	at org.eclipse.swt.widgets.Widget.sendEvent(Widget.java:1090)
	at org.eclipse.swt.widgets.Widget.sendEvent(Widget.java:1071)
	at org.eclipse.swt.widgets.Control.WM_INITMENUPOPUP(Control.java:5141)
	at org.eclipse.swt.widgets.Control.windowProc(Control.java:4773)
	at org.eclipse.swt.widgets.Canvas.windowProc(Canvas.java:340)
	at org.eclipse.swt.widgets.Decorations.windowProc(Decorations.java:1478)
	at org.eclipse.swt.widgets.Shell.windowProc(Shell.java:2305)
	at org.eclipse.swt.widgets.Display.windowProc(Display.java:5039)
	at org.eclipse.swt.internal.win32.OS.TrackPopupMenu(Native Method)
	at org.eclipse.swt.widgets.Menu._setVisible(Menu.java:237)
	at org.eclipse.swt.widgets.Display.runPopups(Display.java:4113)
	at org.eclipse.swt.widgets.Display.readAndDispatch(Display.java:3654)
	at org.eclipse.e4.ui.internal.workbench.swt.PartRenderingEngine$5.run(PartRenderingEngine.java:1151)
	at org.eclipse.core.databinding.observable.Realm.runWithDefault(Realm.java:339)
	at org.eclipse.e4.ui.internal.workbench.swt.PartRenderingEngine.run(PartRenderingEngine.java:1042)
	at org.eclipse.e4.ui.internal.workbench.E4Workbench.createAndRunUI(E4Workbench.java:152)
	at org.eclipse.ui.internal.Workbench.lambda$3(Workbench.java:639)
	at org.eclipse.core.databinding.observable.Realm.runWithDefault(Realm.java:339)
	at org.eclipse.ui.internal.Workbench.createAndRunWorkbench(Workbench.java:546)
	at org.eclipse.ui.PlatformUI.createAndRunWorkbench(PlatformUI.java:173)
	at org.eclipse.ui.internal.ide.application.IDEApplication.start(IDEApplication.java:152)
	at org.eclipse.equinox.internal.app.EclipseAppHandle.run(EclipseAppHandle.java:208)
	at org.eclipse.core.runtime.internal.adaptor.EclipseAppLauncher.runApplication(EclipseAppLauncher.java:143)
	at org.eclipse.core.runtime.internal.adaptor.EclipseAppLauncher.start(EclipseAppLauncher.java:109)
	at org.eclipse.core.runtime.adaptor.EclipseStarter.run(EclipseStarter.java:439)
	at org.eclipse.core.runtime.adaptor.EclipseStarter.run(EclipseStarter.java:271)
	at java.base/jdk.internal.reflect.NativeMethodAccessorImpl.invoke0(Native Method)
	at java.base/jdk.internal.reflect.NativeMethodAccessorImpl.invoke(NativeMethodAccessorImpl.java:77)
	at java.base/jdk.internal.reflect.DelegatingMethodAccessorImpl.invoke(DelegatingMethodAccessorImpl.java:43)
	at java.base/java.lang.reflect.Method.invoke(Method.java:568)
	at org.eclipse.equinox.launcher.Main.invokeFramework(Main.java:651)
	at org.eclipse.equinox.launcher.Main.basicRun(Main.java:588)
	at org.eclipse.equinox.launcher.Main.run(Main.java:1459)
3503 INFO  [main] WinIdeaUpdateManager : WinIdeaUpdateManager: initialization:
3503 INFO  [main] WinIdeaUpdateManager :  - Product folder: D:\Infineon\AURIX-Studio-1.10.28
3503 INFO  [main] WinIdeaUpdateManager :  - Product exe (owner): D:\Infineon\AURIX-Studio-1.10.28\AURIX-studio.exe
3503 INFO  [main] WinIdeaUpdateManager :  - Package manager: C:\Users\PYX01\AppData\Local\iSYSTEM\b18\PackageManager.exe
3503 INFO  [main] WinIdeaUpdateManager :  - Local AFR: D:\Infineon\AURIX-Studio-1.10.28\local_AFR
3503 INFO  [main] WinIdeaUpdateManager :  - Update channel: Production
3512 INFO  [main] ISystemPreferences : ***  3519.8493  ***  Preferences loaded: Install type: Custom, Custom path: '\winIDEA'
3517 INFO  [main] ISysDebugPlugin : ***  3524.7094  ***  Starting Plugin si.isystem.eclipse.debug version 921.35900.228890.
3518 INFO  [main] ISysDebugPlugin : ***  3525.6147  ***  Plugin si.isystem.eclipse.debug started.
842636 INFO  [Framework stop - Equinox Container: 8f3ab8a4-706b-4a3e-83a2-5524c2b11577] ISysDebugPlugin : ***  842643.509  ***  Stopping Plugin si.isystem.eclipse.debug
842660 INFO  [Framework stop - Equinox Container: 8f3ab8a4-706b-4a3e-83a2-5524c2b11577] ISysDebugPlugin : ***  842667.1856  ***  Plugin si.isystem.eclipse.debug stopped.
